[2026-05-18 15:57:37] INFO - 기존 데이터베이스 연결: makemerich.db
[2026-05-18 15:57:37] WARNING - Windows 환경에서 키움 API 연결 구현 필요
[2026-05-18 15:57:37] INFO - 자동매매 프로그램 시작...
[2026-05-18 15:57:37] INFO - 실행 모드: live
[2026-05-18 15:57:37] INFO - 
[Step 1] 자금 설정
[2026-05-18 15:57:37] INFO - ------------------------------------------------------------
[2026-05-18 15:57:37] INFO - 복리 적용: 어제 종료 1,000,000원 → 오늘 시작
[2026-05-18 15:57:37] DEBUG - 일별 예수금 기록 저장: 2026-05-18 1000000.0원
[2026-05-18 15:57:37] INFO - ✓ 복리 적용: 1,000,000원
[2026-05-18 15:57:37] INFO - 
[Step 2] 종목 스캔
[2026-05-18 15:57:37] INFO - ------------------------------------------------------------
[2026-05-18 15:57:37] INFO - 종목 스캔 시작...
[2026-05-18 15:57:37] INFO - 키움 API에서 전체 종목 로드 중...
[2026-05-18 15:57:37] ERROR - 종목 로드 실패
[2026-05-18 15:57:37] WARNING - ✗ 조건 충족 종목 없음
[2026-05-18 15:57:37] WARNING - 조건 충족 종목이 없어 분석을 종료합니다.
[2026-05-18 15:57:37] DEBUG - 데이터베이스 연결 종료
[2026-05-18 15:57:37] INFO - 리소스 정리 완료
[2026-05-18 15:57:37] DEBUG - 데이터베이스 연결 종료
