[2026-05-16 16:51:46] INFO - 데이터베이스 테이블 생성 완료
[2026-05-16 16:51:46] INFO - 새 데이터베이스 생성: makemerich.db
[2026-05-16 16:51:46] WARNING - Windows 환경에서 키움 API 연결 구현 필요
[2026-05-16 16:51:46] INFO - 자동매매 프로그램 시작...
[2026-05-16 16:51:46] INFO - 실행 모드: live
[2026-05-16 16:51:46] INFO - 
[Step 1] 자금 설정
[2026-05-16 16:51:46] INFO - ------------------------------------------------------------
[2026-05-16 16:51:46] INFO - 첫 거래일: 초기 자금 1,000,000원으로 시작
[2026-05-16 16:51:46] DEBUG - 일별 예수금 기록 저장: 2026-05-16 1000000원
[2026-05-16 16:51:46] INFO - ✓ 복리 적용: 1,000,000원
[2026-05-16 16:51:46] INFO - 
[Step 2] 종목 스캔
[2026-05-16 16:51:46] INFO - ------------------------------------------------------------
[2026-05-16 16:51:46] INFO - 종목 스캔 시작...
[2026-05-16 16:51:46] INFO - 키움 API에서 전체 종목 로드 중...
[2026-05-16 16:51:46] ERROR - 종목 로드 실패
[2026-05-16 16:51:46] WARNING - ✗ 조건 충족 종목 없음
[2026-05-16 16:51:46] WARNING - 조건 충족 종목이 없어 분석을 종료합니다.
[2026-05-16 16:51:46] DEBUG - 데이터베이스 연결 종료
[2026-05-16 16:51:46] INFO - 리소스 정리 완료
[2026-05-16 16:51:46] DEBUG - 데이터베이스 연결 종료
[2026-05-16 16:53:31] INFO - 기존 데이터베이스 연결: makemerich.db
[2026-05-16 16:53:31] WARNING - Windows 환경에서 키움 API 연결 구현 필요
[2026-05-16 16:53:31] INFO - 자동매매 프로그램 시작...
[2026-05-16 16:53:31] INFO - 실행 모드: live
[2026-05-16 16:53:31] INFO - 
[Step 1] 자금 설정
[2026-05-16 16:53:31] INFO - ------------------------------------------------------------
[2026-05-16 16:53:31] INFO - 복리 적용: 어제 종료 1,000,000원 → 오늘 시작
[2026-05-16 16:53:31] WARNING - 이미 존재하는 날짜 기록: 2026-05-16
[2026-05-16 16:53:31] INFO - ✓ 복리 적용: 1,000,000원
[2026-05-16 16:53:31] INFO - 
[Step 2] 종목 스캔
[2026-05-16 16:53:31] INFO - ------------------------------------------------------------
[2026-05-16 16:53:31] INFO - 종목 스캔 시작...
[2026-05-16 16:53:31] INFO - 키움 API에서 전체 종목 로드 중...
[2026-05-16 16:53:31] ERROR - 종목 로드 실패
[2026-05-16 16:53:31] WARNING - ✗ 조건 충족 종목 없음
[2026-05-16 16:53:31] WARNING - 조건 충족 종목이 없어 분석을 종료합니다.
[2026-05-16 16:53:31] DEBUG - 데이터베이스 연결 종료
[2026-05-16 16:53:31] INFO - 리소스 정리 완료
[2026-05-16 16:53:31] DEBUG - 데이터베이스 연결 종료
[2026-05-16 17:45:24] INFO - 기존 데이터베이스 연결: makemerich.db
[2026-05-16 17:45:24] WARNING - Windows 환경에서 키움 API 연결 구현 필요
[2026-05-16 17:45:24] INFO - 자동매매 프로그램 시작...
[2026-05-16 17:45:24] INFO - 실행 모드: live
[2026-05-16 17:45:24] INFO - 
[Step 1] 자금 설정
[2026-05-16 17:45:24] INFO - ------------------------------------------------------------
[2026-05-16 17:45:24] INFO - 복리 적용: 어제 종료 1,000,000원 → 오늘 시작
[2026-05-16 17:45:24] WARNING - 이미 존재하는 날짜 기록: 2026-05-16
[2026-05-16 17:45:24] INFO - ✓ 복리 적용: 1,000,000원
[2026-05-16 17:45:24] INFO - 
[Step 2] 종목 스캔
[2026-05-16 17:45:24] INFO - ------------------------------------------------------------
[2026-05-16 17:45:24] INFO - 종목 스캔 시작...
[2026-05-16 17:45:24] INFO - 키움 API에서 전체 종목 로드 중...
[2026-05-16 17:45:24] ERROR - 종목 로드 실패
[2026-05-16 17:45:24] WARNING - ✗ 조건 충족 종목 없음
[2026-05-16 17:45:24] WARNING - 조건 충족 종목이 없어 분석을 종료합니다.
[2026-05-16 17:45:24] DEBUG - 데이터베이스 연결 종료
[2026-05-16 17:45:24] INFO - 리소스 정리 완료
[2026-05-16 17:45:24] DEBUG - 데이터베이스 연결 종료
